Archive member included to satisfy reference by file (symbol)

D:/STM32/STM32CubeIDE_1.15.1/STM32CubeIDE/plugins/com.st.stm32cube.ide.mcu.externaltools.gnu-tools-for-stm32.12.3.rel1.win32_1.0.100.202403111256/tools/bin/../lib/gcc/arm-none-eabi/12.3.1/../../../../arm-none-eabi/lib/thumb/v7e-m/nofp\libc_nano.a(libc_a-exit.o)
                              D:/STM32/STM32CubeIDE_1.15.1/STM32CubeIDE/plugins/com.st.stm32cube.ide.mcu.externaltools.gnu-tools-for-stm32.12.3.rel1.win32_1.0.100.202403111256/tools/bin/../lib/gcc/arm-none-eabi/12.3.1/../../../../arm-none-eabi/lib/thumb/v7e-m/nofp/crt0.o (exit)
D:/STM32/STM32CubeIDE_1.15.1/STM32CubeIDE/plugins/com.st.stm32cube.ide.mcu.externaltools.gnu-tools-for-stm32.12.3.rel1.win32_1.0.100.202403111256/tools/bin/../lib/gcc/arm-none-eabi/12.3.1/../../../../arm-none-eabi/lib/thumb/v7e-m/nofp\libc_nano.a(libc_a-findfp.o)
                              D:/STM32/STM32CubeIDE_1.15.1/STM32CubeIDE/plugins/com.st.stm32cube.ide.mcu.externaltools.gnu-tools-for-stm32.12.3.rel1.win32_1.0.100.202403111256/tools/bin/../lib/gcc/arm-none-eabi/12.3.1/../../../../arm-none-eabi/lib/thumb/v7e-m/nofp\libc_nano.a(libc_a-exit.o) (__stdio_exit_handler)
D:/STM32/STM32CubeIDE_1.15.1/STM32CubeIDE/plugins/com.st.stm32cube.ide.mcu.externaltools.gnu-tools-for-stm32.12.3.rel1.win32_1.0.100.202403111256/tools/bin/../lib/gcc/arm-none-eabi/12.3.1/../../../../arm-none-eabi/lib/thumb/v7e-m/nofp\libc_nano.a(libc_a-fwalk.o)
                              D:/STM32/STM32CubeIDE_1.15.1/STM32CubeIDE/plugins/com.st.stm32cube.ide.mcu.externaltools.gnu-tools-for-stm32.12.3.rel1.win32_1.0.100.202403111256/tools/bin/../lib/gcc/arm-none-eabi/12.3.1/../../../../arm-none-eabi/lib/thumb/v7e-m/nofp\libc_nano.a(libc_a-findfp.o) (_fwalk_sglue)
D:/STM32/STM32CubeIDE_1.15.1/STM32CubeIDE/plugins/com.st.stm32cube.ide.mcu.externaltools.gnu-tools-for-stm32.12.3.rel1.win32_1.0.100.202403111256/tools/bin/../lib/gcc/arm-none-eabi/12.3.1/../../../../arm-none-eabi/lib/thumb/v7e-m/nofp\libc_nano.a(libc_a-printf.o)
                              ./Src/adc.o (printf)
D:/STM32/STM32CubeIDE_1.15.1/STM32CubeIDE/plugins/com.st.stm32cube.ide.mcu.externaltools.gnu-tools-for-stm32.12.3.rel1.win32_1.0.100.202403111256/tools/bin/../lib/gcc/arm-none-eabi/12.3.1/../../../../arm-none-eabi/lib/thumb/v7e-m/nofp\libc_nano.a(libc_a-stdio.o)
                              D:/STM32/STM32CubeIDE_1.15.1/STM32CubeIDE/plugins/com.st.stm32cube.ide.mcu.externaltools.gnu-tools-for-stm32.12.3.rel1.win32_1.0.100.202403111256/tools/bin/../lib/gcc/arm-none-eabi/12.3.1/../../../../arm-none-eabi/lib/thumb/v7e-m/nofp\libc_nano.a(libc_a-findfp.o) (__sread)
D:/STM32/STM32CubeIDE_1.15.1/STM32CubeIDE/plugins/com.st.stm32cube.ide.mcu.externaltools.gnu-tools-for-stm32.12.3.rel1.win32_1.0.100.202403111256/tools/bin/../lib/gcc/arm-none-eabi/12.3.1/../../../../arm-none-eabi/lib/thumb/v7e-m/nofp\libc_nano.a(libc_a-memset.o)
                              D:/STM32/STM32CubeIDE_1.15.1/STM32CubeIDE/plugins/com.st.stm32cube.ide.mcu.externaltools.gnu-tools-for-stm32.12.3.rel1.win32_1.0.100.202403111256/tools/bin/../lib/gcc/arm-none-eabi/12.3.1/../../../../arm-none-eabi/lib/thumb/v7e-m/nofp/crt0.o (memset)
D:/STM32/STM32CubeIDE_1.15.1/STM32CubeIDE/plugins/com.st.stm32cube.ide.mcu.externaltools.gnu-tools-for-stm32.12.3.rel1.win32_1.0.100.202403111256/tools/bin/../lib/gcc/arm-none-eabi/12.3.1/../../../../arm-none-eabi/lib/thumb/v7e-m/nofp\libc_nano.a(libc_a-closer.o)
                              D:/STM32/STM32CubeIDE_1.15.1/STM32CubeIDE/plugins/com.st.stm32cube.ide.mcu.externaltools.gnu-tools-for-stm32.12.3.rel1.win32_1.0.100.202403111256/tools/bin/../lib/gcc/arm-none-eabi/12.3.1/../../../../arm-none-eabi/lib/thumb/v7e-m/nofp\libc_nano.a(libc_a-stdio.o) (_close_r)
D:/STM32/STM32CubeIDE_1.15.1/STM32CubeIDE/plugins/com.st.stm32cube.ide.mcu.externaltools.gnu-tools-for-stm32.12.3.rel1.win32_1.0.100.202403111256/tools/bin/../lib/gcc/arm-none-eabi/12.3.1/../../../../arm-none-eabi/lib/thumb/v7e-m/nofp\libc_nano.a(libc_a-reent.o)
                              D:/STM32/STM32CubeIDE_1.15.1/STM32CubeIDE/plugins/com.st.stm32cube.ide.mcu.externaltools.gnu-tools-for-stm32.12.3.rel1.win32_1.0.100.202403111256/tools/bin/../lib/gcc/arm-none-eabi/12.3.1/../../../../arm-none-eabi/lib/thumb/v7e-m/nofp\libc_nano.a(libc_a-closer.o) (errno)
D:/STM32/STM32CubeIDE_1.15.1/STM32CubeIDE/plugins/com.st.stm32cube.ide.mcu.externaltools.gnu-tools-for-stm32.12.3.rel1.win32_1.0.100.202403111256/tools/bin/../lib/gcc/arm-none-eabi/12.3.1/../../../../arm-none-eabi/lib/thumb/v7e-m/nofp\libc_nano.a(libc_a-impure.o)
                              D:/STM32/STM32CubeIDE_1.15.1/STM32CubeIDE/plugins/com.st.stm32cube.ide.mcu.externaltools.gnu-tools-for-stm32.12.3.rel1.win32_1.0.100.202403111256/tools/bin/../lib/gcc/arm-none-eabi/12.3.1/../../../../arm-none-eabi/lib/thumb/v7e-m/nofp\libc_nano.a(libc_a-printf.o) (_impure_ptr)
[...]
Memory Configuration

Name             Origin             Length             Attributes
RAM              0x20000000         0x00020000         xrw
FLASH            0x08000000         0x00080000         xr
*default*        0x00000000         0xffffffff

Linker script and memory map

LOAD D:/STM32/STM32CubeIDE_1.15.1/STM32CubeIDE/plugins/com.st.stm32cube.ide.mcu.externaltools.gnu-tools-for-stm32.12.3.rel1.win32_1.0.100.202403111256/tools/bin/../lib/gcc/arm-none-eabi/12.3.1/thumb/v7e-m/nofp/crti.o
LOAD D:/STM32/STM32CubeIDE_1.15.1/STM32CubeIDE/plugins/com.st.stm32cube.ide.mcu.externaltools.gnu-tools-for-stm32.12.3.rel1.win32_1.0.100.202403111256/tools/bin/../lib/gcc/arm-none-eabi/12.3.1/thumb/v7e-m/nofp/crtbegin.o
LOAD D:/STM32/STM32CubeIDE_1.15.1/STM32CubeIDE/plugins/com.st.stm32cube.ide.mcu.externaltools.gnu-tools-for-stm32.12.3.rel1.win32_1.0.100.202403111256/tools/bin/../lib/gcc/arm-none-eabi/12.3.1/../../../../arm-none-eabi/lib/thumb/v7e-m/nofp/crt0.o
LOAD ./Src/adc.o
LOAD ./Src/main.o
LOAD ./Src/pll.o
LOAD ./Src/serial.o
LOAD ./Src/sysTick.o
LOAD ./Src/syscalls.o
LOAD ./Src/sysmem.o
LOAD ./Startup/startup_stm32f446retx.o
START GROUP
LOAD D:/STM32/STM32CubeIDE_1.15.1/STM32CubeIDE/plugins/com.st.stm32cube.ide.mcu.externaltools.gnu-tools-for-stm32.12.3.rel1.win32_1.0.100.202403111256/tools/bin/../lib/gcc/arm-none-eabi/12.3.1/../../../../arm-none-eabi/lib/thumb/v7e-m/nofp\libc_nano.a
LOAD D:/STM32/STM32CubeIDE_1.15.1/STM32CubeIDE/plugins/com.st.stm32cube.ide.mcu.externaltools.gnu-tools-for-stm32.12.3.rel1.win32_1.0.100.202403111256/tools/bin/../lib/gcc/arm-none-eabi/12.3.1/../../../../arm-none-eabi/lib/thumb/v7e-m/nofp\libm.a
END GROUP
START GROUP
LOAD D:/STM32/STM32CubeIDE_1.15.1/STM32CubeIDE/plugins/com.st.stm32cube.ide.mcu.externaltools.gnu-tools-for-stm32.12.3.rel1.win32_1.0.100.202403111256/tools/bin/../lib/gcc/arm-none-eabi/12.3.1/thumb/v7e-m/nofp\libgcc.a
LOAD D:/STM32/STM32CubeIDE_1.15.1/STM32CubeIDE/plugins/com.st.stm32cube.ide.mcu.externaltools.gnu-tools-for-stm32.12.3.rel1.win32_1.0.100.202403111256/tools/bin/../lib/gcc/arm-none-eabi/12.3.1/../../../../arm-none-eabi/lib/thumb/v7e-m/nofp\libc_nano.a
END GROUP
START GROUP
LOAD D:/STM32/STM32CubeIDE_1.15.1/STM32CubeIDE/plugins/com.st.stm32cube.ide.mcu.externaltools.gnu-tools-for-stm32.12.3.rel1.win32_1.0.100.202403111256/tools/bin/../lib/gcc/arm-none-eabi/12.3.1/thumb/v7e-m/nofp\libgcc.a
LOAD D:/STM32/STM32CubeIDE_1.15.1/STM32CubeIDE/plugins/com.st.stm32cube.ide.mcu.externaltools.gnu-tools-for-stm32.12.3.rel1.win32_1.0.100.202403111256/tools/bin/../lib/gcc/arm-none-eabi/12.3.1/../../../../arm-none-eabi/lib/thumb/v7e-m/nofp\libc_nano.a
LOAD D:/STM32/STM32CubeIDE_1.15.1/STM32CubeIDE/plugins/com.st.stm32cube.ide.mcu.externaltools.gnu-tools-for-stm32.12.3.rel1.win32_1.0.100.202403111256/tools/bin/../lib/gcc/arm-none-eabi/12.3.1/../../../../arm-none-eabi/lib/thumb/v7e-m/nofp\libnosys.a
END GROUP
START GROUP
LOAD D:/STM32/STM32CubeIDE_1.15.1/STM32CubeIDE/plugins/com.st.stm32cube.ide.mcu.externaltools.gnu-tools-for-stm32.12.3.rel1.win32_1.0.100.202403111256/tools/bin/../lib/gcc/arm-none-eabi/12.3.1/thumb/v7e-m/nofp\libgcc.a
LOAD D:/STM32/STM32CubeIDE_1.15.1/STM32CubeIDE/plugins/com.st.stm32cube.ide.mcu.externaltools.gnu-tools-for-stm32.12.3.rel1.win32_1.0.100.202403111256/tools/bin/../lib/gcc/arm-none-eabi/12.3.1/../../../../arm-none-eabi/lib/thumb/v7e-m/nofp\libc_nano.a
LOAD D:/STM32/STM32CubeIDE_1.15.1/STM32CubeIDE/plugins/com.st.stm32cube.ide.mcu.externaltools.gnu-tools-for-stm32.12.3.rel1.win32_1.0.100.202403111256/tools/bin/../lib/gcc/arm-none-eabi/12.3.1/../../../../arm-none-eabi/lib/thumb/v7e-m/nofp\libnosys.a
END GROUP
LOAD D:/STM32/STM32CubeIDE_1.15.1/STM32CubeIDE/plugins/com.st.stm32cube.ide.mcu.externaltools.gnu-tools-for-stm32.12.3.rel1.win32_1.0.100.202403111256/tools/bin/../lib/gcc/arm-none-eabi/12.3.1/thumb/v7e-m/nofp/crtend.o
LOAD D:/STM32/STM32CubeIDE_1.15.1/STM32CubeIDE/plugins/com.st.stm32cube.ide.mcu.externaltools.gnu-tools-for-stm32.12.3.rel1.win32_1.0.100.202403111256/tools/bin/../lib/gcc/arm-none-eabi/12.3.1/thumb/v7e-m/nofp/crtn.o
                0x20020000                        _estack = (ORIGIN (RAM) + LENGTH (RAM))
                0x00000200                        _Min_Heap_Size = 0x200
                0x00000400                        _Min_Stack_Size = 0x400

.isr_vector     0x08000000      0x1c4
                0x08000000                        . = ALIGN (0x4)
 *(.isr_vector)
 .isr_vector    0x08000000      0x1c4 ./Startup/startup_stm32f446retx.o
                0x08000000                g_pfnVectors
                0x080001c4                        . = ALIGN (0x4)

.text           0x080001d0     0x1410
                0x080001d0                        . = ALIGN (0x4)
 *(.text)
 .text          0x080001d0       0x40 D:/STM32/STM32CubeIDE_1.15.1/STM32CubeIDE/plugins/com.st.stm32cube.ide.mcu.externaltools.gnu-tools-for-stm32.12.3.rel1.win32_1.0.100.202403111256/tools/bin/../lib/gcc/arm-none-eabi/12.3.1/thumb/v7e-m/nofp/crtbegin.o
 .text          0x08000210       0xa0 D:/STM32/STM32CubeIDE_1.15.1/STM32CubeIDE/plugins/com.st.stm32cube.ide.mcu.externaltools.gnu-tools-for-stm32.12.3.rel1.win32_1.0.100.202403111256/tools/bin/../lib/gcc/arm-none-eabi/12.3.1/../../../../arm-none-eabi/lib/thumb/v7e-m/nofp\libc_nano.a(libc_a-memchr.o)
                0x08000210                memchr
 *(.text*)
 .text.__NVIC_EnableIRQ
                0x080002b0       0x38 ./Src/adc.o
 .text.adc_init
                0x080002e8       0x44 ./Src/adc.o
                0x080002e8                adc_init
 .text.adc_int_init
                0x0800032c       0x20 ./Src/adc.o
                0x0800032c                adc_int_init
 .text.adc_start_conversion
                0x0800034c       0x28 ./Src/adc.o
                0x0800034c                adc_start_conversion
 .text.ADC_IRQHandler
                0x08000374       0x54 ./Src/adc.o
                0x08000374                ADC_IRQHandler
 .text.main     0x080003c8       0x20 ./Src/main.o
                0x080003c8                main
 .text.__io_putchar
                0x080003e8       0x34 ./Src/main.o
                0x080003e8                __io_putchar
 .text.clockSpeed_PLL
                0x0800041c       0xe0 ./Src/pll.o
                0x0800041c                clockSpeed_PLL
 .text.tx_init  0x080004fc       0x60 ./Src/serial.o
                0x080004fc                tx_init
 .text.tx_send  0x0800055c       0x2c ./Src/serial.o
                0x0800055c                tx_send
 .text.SysTick_Init
                0x08000588       0x28 ./Src/sysTick.o
                0x08000588                SysTick_Init
 .text.SysTick_Handler
                0x080005b0       0x30 ./Src/sysTick.o
                0x080005b0                SysTick_Handler
 .text._read    0x080005e0       0x3a ./Src/syscalls.o
                0x080005e0                _read
 .text._write   0x0800061a       0x38 ./Src/syscalls.o
                0x0800061a                _write
 .text._close   0x08000652       0x16 ./Src/syscalls.o
                0x08000652                _close
 .text._fstat   0x08000668       0x1e ./Src/syscalls.o
                0x08000668                _fstat
 .text._isatty  0x08000686       0x14 ./Src/syscalls.o
                0x08000686                _isatty
 .text._lseek   0x0800069a       0x18 ./Src/syscalls.o
                0x0800069a                _lseek
 *fill*         0x080006b2        0x2 
 .text._sbrk    0x080006b4       0x6c ./Src/sysmem.o
                0x080006b4                _sbrk
 .text.Reset_Handler
                0x08000720       0x50 ./Startup/startup_stm32f446retx.o
                0x08000720                Reset_Handler
 .text.Default_Handler
                0x08000770        0x2 ./Startup/startup_stm32f446retx.o
                0x08000770                RTC_Alarm_IRQHandler
                0x08000770                EXTI2_IRQHandler
                0x08000770                TIM8_CC_IRQHandler
                0x08000770                SPDIF_Rx_IRQHandler
                0x08000770                DebugMon_Handler
                0x08000770                SPI4_IRQHandler
                0x08000770                TIM1_CC_IRQHandler
                0x08000770                QuadSPI_IRQHandler
                0x08000770                DMA2_Stream5_IRQHandler
                0x08000770                HardFault_Handler
                0x08000770                DMA1_Stream5_IRQHandler
                0x08000770                PVD_IRQHandler
                0x08000770                SDIO_IRQHandler
                0x08000770                TAMP_STAMP_IRQHandler
                0x08000770                PendSV_Handler
                0x08000770                NMI_Handler
                0x08000770                CAN2_RX1_IRQHandler
                0x08000770                EXTI3_IRQHandler
                0x08000770                TIM8_TRG_COM_TIM14_IRQHandler
                0x08000770                TIM1_UP_TIM10_IRQHandler
                0x08000770                FMPI2C1_error_IRQHandler
                0x08000770                TIM8_UP_TIM13_IRQHandler
                0x08000770                I2C3_ER_IRQHandler
                0x08000770                EXTI0_IRQHandler
                0x08000770                I2C2_EV_IRQHandler
                0x08000770                DMA1_Stream2_IRQHandler
                0x08000770                CAN1_RX0_IRQHandler
                0x08000770                FPU_IRQHandler
                0x08000770                OTG_HS_WKUP_IRQHandler
                0x08000770                UsageFault_Handler
                0x08000770                CAN2_SCE_IRQHandler
                0x08000770                DMA2_Stream2_IRQHandler
                0x08000770                SPI1_IRQHandler
                0x08000770                TIM6_DAC_IRQHandler
                0x08000770                TIM1_BRK_TIM9_IRQHandler
                0x08000770                DCMI_IRQHandler
                0x08000770                CAN2_RX0_IRQHandler
                0x08000770                DMA2_Stream3_IRQHandler
                0x08000770                FMPI2C1_IRQHandler
                0x08000770                SAI2_IRQHandler
                0x08000770                USART6_IRQHandler
                0x08000770                USART3_IRQHandler
                0x08000770                CAN1_RX1_IRQHandler
                0x08000770                UART5_IRQHandler
                0x08000770                DMA2_Stream0_IRQHandler
                0x08000770                TIM4_IRQHandler
                0x08000770                I2C1_EV_IRQHandler
                0x08000770                HDMI_CEC_IRQHandler
                0x08000770                DMA1_Stream6_IRQHandler
                0x08000770                DMA1_Stream1_IRQHandler
                0x08000770                UART4_IRQHandler
                0x08000770                TIM3_IRQHandler
                0x08000770                RCC_IRQHandler
                0x08000770                TIM8_BRK_TIM12_IRQHandler
                0x08000770                Default_Handler
                0x08000770                EXTI15_10_IRQHandler
                0x08000770                DMA1_Stream7_IRQHandler
                0x08000770                TIM7_IRQHandler
                0x08000770                CAN2_TX_IRQHandler
                0x08000770                TIM5_IRQHandler
                0x08000770                DMA2_Stream7_IRQHandler
                0x08000770                I2C3_EV_IRQHandler
                0x08000770                EXTI9_5_IRQHandler
                0x08000770                RTC_WKUP_IRQHandler
                0x08000770                SPI2_IRQHandler
                0x08000770                OTG_HS_EP1_IN_IRQHandler
                0x08000770                MemManage_Handler
                0x08000770                DMA1_Stream0_IRQHandler
                0x08000770                CAN1_TX_IRQHandler
                0x08000770                SVC_Handler
                0x08000770                EXTI4_IRQHandler
                0x08000770                OTG_HS_EP1_OUT_IRQHandler
                0x08000770                WWDG_IRQHandler
                0x08000770                TIM2_IRQHandler
                0x08000770                OTG_FS_WKUP_IRQHandler
                0x08000770                TIM1_TRG_COM_TIM11_IRQHandler
                0x08000770                OTG_HS_IRQHandler
                0x08000770                EXTI1_IRQHandler
                0x08000770                USART2_IRQHandler
                0x08000770                I2C2_ER_IRQHandler
                0x08000770                DMA2_Stream1_IRQHandler
                0x08000770                CAN1_SCE_IRQHandler
                0x08000770                FLASH_IRQHandler
                0x08000770                DMA2_Stream4_IRQHandler
                0x08000770                BusFault_Handler
                0x08000770                USART1_IRQHandler
                0x08000770                OTG_FS_IRQHandler
                0x08000770                SPI3_IRQHandler
                0x08000770                DMA1_Stream4_IRQHandler
                0x08000770                I2C1_ER_IRQHandler
                0x08000770                FMC_IRQHandler
                0x08000770                DMA2_Stream6_IRQHandler
                0x08000770                SAI1_IRQHandler
                0x08000770                DMA1_Stream3_IRQHandler
 *fill*         0x08000772        0x2 
 .text.std      0x08000774       0x6c D:/STM32/STM32CubeIDE_1.15.1/STM32CubeIDE/plugins/com.st.stm32cube.ide.mcu.externaltools.gnu-tools-for-stm32.12.3.rel1.win32_1.0.100.202403111256/tools/bin/../lib/gcc/arm-none-eabi/12.3.1/../../../../arm-none-eabi/lib/thumb/v7e-m/nofp\libc_nano.a(libc_a-findfp.o)
 .text.stdio_exit_handler
                0x080007e0       0x18 D:/STM32/STM32CubeIDE_1.15.1/STM32CubeIDE/plugins/com.st.stm32cube.ide.mcu.externaltools.gnu-tools-for-stm32.12.3.rel1.win32_1.0.100.202403111256/tools/bin/../lib/gcc/arm-none-eabi/12.3.1/../../../../arm-none-eabi/lib/thumb/v7e-m/nofp\libc_nano.a(libc_a-findfp.o)
 .text.cleanup_stdio
                0x080007f8       0x40 D:/STM32/STM32CubeIDE_1.15.1/STM32CubeIDE/plugins/com.st.stm32cube.ide.mcu.externaltools.gnu-tools-for-stm32.12.3.rel1.win32_1.0.100.202403111256/tools/bin/../lib/gcc/arm-none-eabi/12.3.1/../../../../arm-none-eabi/lib/thumb/v7e-m/nofp\libc_nano.a(libc_a-findfp.o)
 .text.global_stdio_init.part.0
                0x08000838       0x3c D:/STM32/STM32CubeIDE_1.15.1/STM32CubeIDE/plugins/com.st.stm32cube.ide.mcu.externaltools.gnu-tools-for-stm32.12.3.rel1.win32_1.0.100.202403111256/tools/bin/../lib/gcc/arm-none-eabi/12.3.1/../../../../arm-none-eabi/lib/thumb/v7e-m/nofp\libc_nano.a(libc_a-findfp.o)
 .text.__sfp_lock_acquire
                0x08000874        0xc D:/STM32/STM32CubeIDE_1.15.1/STM32CubeIDE/plugins/com.st.stm32cube.ide.mcu.externaltools.gnu-tools-for-stm32.12.3.rel1.win32_1.0.100.202403111256/tools/bin/../lib/gcc/arm-none-eabi/12.3.1/../../../../arm-none-eabi/lib/thumb/v7e-m/nofp\libc_nano.a(libc_a-findfp.o)
                0x08000874                __sfp_lock_acquire
 .text.__sfp_lock_release
                0x08000880        0xc D:/STM32/STM32CubeIDE_1.15.1/STM32CubeIDE/plugins/com.st.stm32cube.ide.mcu.externaltools.gnu-tools-for-stm32.12.3.rel1.win32_1.0.100.202403111256/tools/bin/../lib/gcc/arm-none-eabi/12.3.1/../../../../arm-none-eabi/lib/thumb/v7e-m/nofp\libc_nano.a(libc_a-findfp.o)
                0x08000880                __sfp_lock_release
 .text.__sinit  0x0800088c       0x30 D:/STM32/STM32CubeIDE_1.15.1/STM32CubeIDE/plugins/com.st.stm32cube.ide.mcu.externaltools.gnu-tools-for-stm32.12.3.rel1.win32_1.0.100.202403111256/tools/bin/../lib/gcc/arm-none-eabi/12.3.1/../../../../arm-none-eabi/lib/thumb/v7e-m/nofp\libc_nano.a(libc_a-findfp.o)
                0x0800088c                __sinit
 .text._fwalk_sglue
                0x080008bc       0x3c D:/STM32/STM32CubeIDE_1.15.1/STM32CubeIDE/plugins/com.st.stm32cube.ide.mcu.externaltools.gnu-tools-for-stm32.12.3.rel1.win32_1.0.100.202403111256/tools/bin/../lib/gcc/arm-none-eabi/12.3.1/../../../../arm-none-eabi/lib/thumb/v7e-m/nofp\libc_nano.a(libc_a-fwalk.o)
                0x080008bc                _fwalk_sglue
 .text.printf   0x080008f8       0x24 D:/STM32/STM32CubeIDE_1.15.1/STM32CubeIDE/plugins/com.st.stm32cube.ide.mcu.externaltools.gnu-tools-for-stm32.12.3.rel1.win32_1.0.100.202403111256/tools/bin/../lib/gcc/arm-none-eabi/12.3.1/../../../../arm-none-eabi/lib/thumb/v7e-m/nofp\libc_nano.a(libc_a-printf.o)
                0x080008f8                iprintf
                0x080008f8                printf
 .text.__sread  0x0800091c       0x22 D:/STM32/STM32CubeIDE_1.15.1/STM32CubeIDE/plugins/com.st.stm32cube.ide.mcu.externaltools.gnu-tools-for-stm32.12.3.rel1.win32_1.0.100.202403111256/tools/bin/../lib/gcc/arm-none-eabi/12.3.1/../../../../arm-none-eabi/lib/thumb/v7e-m/nofp\libc_nano.a(libc_a-stdio.o)
                0x0800091c                __sread
 .text.__swrite
                0x0800093e       0x38 D:/STM32/STM32CubeIDE_1.15.1/STM32CubeIDE/plugins/com.st.stm32cube.ide.mcu.externaltools.gnu-tools-for-stm32.12.3.rel1.win32_1.0.100.202403111256/tools/bin/../lib/gcc/arm-none-eabi/12.3.1/../../../../arm-none-eabi/lib/thumb/v7e-m/nofp\libc_nano.a(libc_a-stdio.o)
                0x0800093e                __swrite
 .text.__sseek  0x08000976       0x24 D:/STM32/STM32CubeIDE_1.15.1/STM32CubeIDE/plugins/com.st.stm32cube.ide.mcu.externaltools.gnu-tools-for-stm32.12.3.rel1.win32_1.0.100.202403111256/tools/bin/../lib/gcc/arm-none-eabi/12.3.1/../../../../arm-none-eabi/lib/thumb/v7e-m/nofp\libc_nano.a(libc_a-stdio.o)
                0x08000976                __sseek
 .text.__sclose
                0x0800099a        0x8 D:/STM32/STM32CubeIDE_1.15.1/STM32CubeIDE/plugins/com.st.stm32cube.ide.mcu.externaltools.gnu-tools-for-stm32.12.3.rel1.win32_1.0.100.202403111256/tools/bin/../lib/gcc/arm-none-eabi/12.3.1/../../../../arm-none-eabi/lib/thumb/v7e-m/nofp\libc_nano.a(libc_a-stdio.o)
                0x0800099a                __sclose
 .text.memset   0x080009a2       0x10 D:/STM32/STM32CubeIDE_1.15.1/STM32CubeIDE/plugins/com.st.stm32cube.ide.mcu.externaltools.gnu-tools-for-stm32.12.3.rel1.win32_1.0.100.202403111256/tools/bin/../lib/gcc/arm-none-eabi/12.3.1/../../../../arm-none-eabi/lib/thumb/v7e-m/nofp\libc_nano.a(libc_a-memset.o)
                0x080009a2                memset
 *fill*         0x080009b2        0x2 
 .text._close_r
                0x080009b4       0x20 D:/STM32/STM32CubeIDE_1.15.1/STM32CubeIDE/plugins/com.st.stm32cube.ide.mcu.externaltools.gnu-tools-for-stm32.12.3.rel1.win32_1.0.100.202403111256/tools/bin/../lib/gcc/arm-none-eabi/12.3.1/../../../../arm-none-eabi/lib/thumb/v7e-m/nofp\libc_nano.a(libc_a-closer.o)
                0x080009b4                _close_r
 .text._lseek_r
                0x080009d4       0x24 D:/STM32/STM32CubeIDE_1.15.1/STM32CubeIDE/plugins/com.st.stm32cube.ide.mcu.externaltools.gnu-tools-for-stm32.12.3.rel1.win32_1.0.100.202403111256/tools/bin/../lib/gcc/arm-none-eabi/12.3.1/../../../../arm-none-eabi/lib/thumb/v7e-m/nofp\libc_nano.a(libc_a-lseekr.o)
                0x080009d4                _lseek_r
 .text._read_r  0x080009f8       0x24 D:/STM32/STM32CubeIDE_1.15.1/STM32CubeIDE/plugins/com.st.stm32cube.ide.mcu.externaltools.gnu-tools-for-stm32.12.3.rel1.win32_1.0.100.202403111256/tools/bin/../lib/gcc/arm-none-eabi/12.3.1/../../../../arm-none-eabi/lib/thumb/v7e-m/nofp\libc_nano.a(libc_a-readr.o)
                0x080009f8                _read_r
 .text._write_r
                0x08000a1c       0x24 D:/STM32/STM32CubeIDE_1.15.1/STM32CubeIDE/plugins/com.st.stm32cube.ide.mcu.externaltools.gnu-tools-for-stm32.12.3.rel1.win32_1.0.100.202403111256/tools/bin/../lib/gcc/arm-none-eabi/12.3.1/../../../../arm-none-eabi/lib/thumb/v7e-m/nofp\libc_nano.a(libc_a-writer.o)
                0x08000a1c                _write_r
 .text.__errno  0x08000a40        0xc D:/STM32/STM32CubeIDE_1.15.1/STM32CubeIDE/plugins/com.st.stm32cube.ide.mcu.externaltools.gnu-tools-for-stm32.12.3.rel1.win32_1.0.100.202403111256/tools/bin/../lib/gcc/arm-none-eabi/12.3.1/../../../../arm-none-eabi/lib/thumb/v7e-m/nofp\libc_nano.a(libc_a-errno.o)
                0x08000a40                __errno
 .text.__libc_init_array
                0x08000a4c       0x48 D:/STM32/STM32CubeIDE_1.15.1/STM32CubeIDE/plugins/com.st.stm32cube.ide.mcu.externaltools.gnu-tools-for-stm32.12.3.rel1.win32_1.0.100.202403111256/tools/bin/../lib/gcc/arm-none-eabi/12.3.1/../../../../arm-none-eabi/lib/thumb/v7e-m/nofp\libc_nano.a(libc_a-init.o)
                0x08000a4c                __libc_init_array
 .text.__retarget_lock_init_recursive
                0x08000a94        0x2 D:/STM32/STM32CubeIDE_1.15.1/STM32CubeIDE/plugins/com.st.stm32cube.ide.mcu.externaltools.gnu-tools-for-stm32.12.3.rel1.win32_1.0.100.202403111256/tools/bin/../lib/gcc/arm-none-eabi/12.3.1/../../../../arm-none-eabi/lib/thumb/v7e-m/nofp\libc_nano.a(libc_a-lock.o)
                0x08000a94                __retarget_lock_init_recursive
 .text.__retarget_lock_acquire_recursive
                0x08000a96        0x2 D:/STM32/STM32CubeIDE_1.15.1/STM32CubeIDE/plugins/com.st.stm32cube.ide.mcu.externaltools.gnu-tools-for-stm32.12.3.rel1.win32_1.0.100.202403111256/tools/bin/../lib/gcc/arm-none-eabi/12.3.1/../../../../arm-none-eabi/lib/thumb/v7e-m/nofp\libc_nano.a(libc_a-lock.o)
                0x08000a96                __retarget_lock_acquire_recursive
 .text.__retarget_lock_release_recursive
                0x08000a98        0x2 D:/STM32/STM32CubeIDE_1.15.1/STM32CubeIDE/plugins/com.st.stm32cube.ide.mcu.externaltools.gnu-tools-for-stm32.12.3.rel1.win32_1.0.100.202403111256/tools/bin/../lib/gcc/arm-none-eabi/12.3.1/../../../../arm-none-eabi/lib/thumb/v7e-m/nofp\libc_nano.a(libc_a-lock.o)
                0x08000a98                __retarget_lock_release_recursive
 *fill*         0x08000a9a        0x2 
 .text._free_r  0x08000a9c       0x94 D:/STM32/STM32CubeIDE_1.15.1/STM32CubeIDE/plugins/com.st.stm32cube.ide.mcu.externaltools.gnu-tools-for-stm32.12.3.rel1.win32_1.0.100.202403111256/tools/bin/../lib/gcc/arm-none-eabi/12.3.1/../../../../arm-none-eabi/lib/thumb/v7e-m/nofp\libc_nano.a(libc_a-freer.o)
                0x08000a9c                _free_r
 .text.sbrk_aligned
                0x08000b30       0x44 D:/STM32/STM32CubeIDE_1.15.1/STM32CubeIDE/plugins/com.st.stm32cube.ide.mcu.externaltools.gnu-tools-for-stm32.12.3.rel1.win32_1.0.100.202403111256/tools/bin/../lib/gcc/arm-none-eabi/12.3.1/../../../../arm-none-eabi/lib/thumb/v7e-m/nofp\libc_nano.a(libc_a-mallocr.o)
 .text._malloc_r
                0x08000b74      0x100 D:/STM32/STM32CubeIDE_1.15.1/STM32CubeIDE/plugins/com.st.stm32cube.ide.mcu.externaltools.gnu-tools-for-stm32.12.3.rel1.win32_1.0.100.202403111256/tools/bin/../lib/gcc/arm-none-eabi/12.3.1/../../../../arm-none-eabi/lib/thumb/v7e-m/nofp\libc_nano.a(libc_a-mallocr.o)
                0x08000b74                _malloc_r
 .text.__malloc_lock
                0x08000c74        0xc D:/STM32/STM32CubeIDE_1.15.1/STM32CubeIDE/plugins/com.st.stm32cube.ide.mcu.externaltools.gnu-tools-for-stm32.12.3.rel1.win32_1.0.100.202403111256/tools/bin/../lib/gcc/arm-none-eabi/12.3.1/../../../../arm-none-eabi/lib/thumb/v7e-m/nofp\libc_nano.a(libc_a-mlock.o)
                0x08000c74                __malloc_lock
 .text.__malloc_unlock
                0x08000c80        0xc D:/STM32/STM32CubeIDE_1.15.1/STM32CubeIDE/plugins/com.st.stm32cube.ide.mcu.externaltools.gnu-tools-for-stm32.12.3.rel1.win32_1.0.100.202403111256/tools/bin/../lib/gcc/arm-none-eabi/12.3.1/../../../../arm-none-eabi/lib/thumb/v7e-m/nofp\libc_nano.a(libc_a-mlock.o)
                0x08000c80                __malloc_unlock
 .text.__sfputc_r
                0x08000c8c       0x2a D:/STM32/STM32CubeIDE_1.15.1/STM32CubeIDE/plugins/com.st.stm32cube.ide.mcu.externaltools.gnu-tools-for-stm32.12.3.rel1.win32_1.0.100.202403111256/tools/bin/../lib/gcc/arm-none-eabi/12.3.1/../../../../arm-none-eabi/lib/thumb/v7e-m/nofp\libc_nano.a(libc_a-nano-vfprintf.o)
 .text.__sfputs_r
                0x08000cb6       0x24 D:/STM32/STM32CubeIDE_1.15.1/STM32CubeIDE/plugins/com.st.stm32cube.ide.mcu.externaltools.gnu-tools-for-stm32.12.3.rel1.win32_1.0.100.202403111256/tools/bin/../lib/gcc/arm-none-eabi/12.3.1/../../../../arm-none-eabi/lib/thumb/v7e-m/nofp\libc_nano.a(libc_a-nano-vfprintf.o)
                0x08000cb6                __sfputs_r
 *fill*         0x08000cda        0x2 
 .text._vfprintf_r
                0x08000cdc      0x230 D:/STM32/STM32CubeIDE_1.15.1/STM32CubeIDE/plugins/com.st.stm32cube.ide.mcu.externaltools.gnu-tools-for-stm32.12.3.rel1.win32_1.0.100.202403111256/tools/bin/../lib/gcc/arm-none-eabi/12.3.1/../../../../arm-none-eabi/lib/thumb/v7e-m/nofp\libc_nano.a(libc_a-nano-vfprintf.o)
                0x08000cdc                _vfprintf_r
                0x08000cdc                _vfiprintf_r
 .text._printf_common
                0x08000f0c       0xda D:/STM32/STM32CubeIDE_1.15.1/STM32CubeIDE/plugins/com.st.stm32cube.ide.mcu.externaltools.gnu-tools-for-stm32.12.3.rel1.win32_1.0.100.202403111256/tools/bin/../lib/gcc/arm-none-eabi/12.3.1/../../../../arm-none-eabi/lib/thumb/v7e-m/nofp\libc_nano.a(libc_a-nano-vfprintf_i.o)
                0x08000f0c                _printf_common
 *fill*         0x08000fe6        0x2 
 .text._printf_i
                0x08000fe8      0x240 D:/STM32/STM32CubeIDE_1.15.1/STM32CubeIDE/plugins/com.st.stm32cube.ide.mcu.externaltools.gnu-tools-for-stm32.12.3.rel1.win32_1.0.100.202403111256/tools/bin/../lib/gcc/arm-none-eabi/12.3.1/../../../../arm-none-eabi/lib/thumb/v7e-m/nofp\libc_nano.a(libc_a-nano-vfprintf_i.o)
                0x08000fe8                _printf_i
 .text.__sflush_r
                0x08001228      0x100 D:/STM32/STM32CubeIDE_1.15.1/STM32CubeIDE/plugins/com.st.stm32cube.ide.mcu.externaltools.gnu-tools-for-stm32.12.3.rel1.win32_1.0.100.202403111256/tools/bin/../lib/gcc/arm-none-eabi/12.3.1/../../../../arm-none-eabi/lib/thumb/v7e-m/nofp\libc_nano.a(libc_a-fflush.o)
                0x08001228                __sflush_r
 .text._fflush_r
                0x08001328       0x50 D:/STM32/STM32CubeIDE_1.15.1/STM32CubeIDE/plugins/com.st.stm32cube.ide.mcu.externaltools.gnu-tools-for-stm32.12.3.rel1.win32_1.0.100.202403111256/tools/bin/../lib/gcc/arm-none-eabi/12.3.1/../../../../arm-none-eabi/lib/thumb/v7e-m/nofp\libc_nano.a(libc_a-fflush.o)
                0x08001328                _fflush_r
 .text.__swbuf_r
                0x08001378       0x7c D:/STM32/STM32CubeIDE_1.15.1/STM32CubeIDE/plugins/com.st.stm32cube.ide.mcu.externaltools.gnu-tools-for-stm32.12.3.rel1.win32_1.0.100.202403111256/tools/bin/../lib/gcc/arm-none-eabi/12.3.1/../../../../arm-none-eabi/lib/thumb/v7e-m/nofp\libc_nano.a(libc_a-wbuf.o)
                0x08001378                __swbuf_r
 .text.__swsetup_r
                0x080013f4       0xac D:/STM32/STM32CubeIDE_1.15.1/STM32CubeIDE/plugins/com.st.stm32cube.ide.mcu.externaltools.gnu-tools-for-stm32.12.3.rel1.win32_1.0.100.202403111256/tools/bin/../lib/gcc/arm-none-eabi/12.3.1/../../../../arm-none-eabi/lib/thumb/v7e-m/nofp\libc_nano.a(libc_a-wsetup.o)
                0x080013f4                __swsetup_r
 .text._sbrk_r  0x080014a0       0x20 D:/STM32/STM32CubeIDE_1.15.1/STM32CubeIDE/plugins/com.st.stm32cube.ide.mcu.externaltools.gnu-tools-for-stm32.12.3.rel1.win32_1.0.100.202403111256/tools/bin/../lib/gcc/arm-none-eabi/12.3.1/../../../../arm-none-eabi/lib/thumb/v7e-m/nofp\libc_nano.a(libc_a-sbrkr.o)
                0x080014a0                _sbrk_r
 .text.__swhatbuf_r
                0x080014c0       0x4c D:/STM32/STM32CubeIDE_1.15.1/STM32CubeIDE/plugins/com.st.stm32cube.ide.mcu.externaltools.gnu-tools-for-stm32.12.3.rel1.win32_1.0.100.202403111256/tools/bin/../lib/gcc/arm-none-eabi/12.3.1/../../../../arm-none-eabi/lib/thumb/v7e-m/nofp\libc_nano.a(libc_a-makebuf.o)
                0x080014c0                __swhatbuf_r
 .text.__smakebuf_r
                0x0800150c       0x78 D:/STM32/STM32CubeIDE_1.15.1/STM32CubeIDE/plugins/com.st.stm32cube.ide.mcu.externaltools.gnu-tools-for-stm32.12.3.rel1.win32_1.0.100.202403111256/tools/bin/../lib/gcc/arm-none-eabi/12.3.1/../../../../arm-none-eabi/lib/thumb/v7e-m/nofp\libc_nano.a(libc_a-makebuf.o)
                0x0800150c                __smakebuf_r
 .text._fstat_r
                0x08001584       0x24 D:/STM32/STM32CubeIDE_1.15.1/STM32CubeIDE/plugins/com.st.stm32cube.ide.mcu.externaltools.gnu-tools-for-stm32.12.3.rel1.win32_1.0.100.202403111256/tools/bin/../lib/gcc/arm-none-eabi/12.3.1/../../../../arm-none-eabi/lib/thumb/v7e-m/nofp\libc_nano.a(libc_a-fstatr.o)
                0x08001584                _fstat_r
 .text._isatty_r
                0x080015a8       0x20 D:/STM32/STM32CubeIDE_1.15.1/STM32CubeIDE/plugins/com.st.stm32cube.ide.mcu.externaltools.gnu-tools-for-stm32.12.3.rel1.win32_1.0.100.202403111256/tools/bin/../lib/gcc/arm-none-eabi/12.3.1/../../../../arm-none-eabi/lib/thumb/v7e-m/nofp\libc_nano.a(libc_a-isattyr.o)
                0x080015a8                _isatty_r
 *(.glue_7)
 .glue_7        0x080015c8        0x0 linker stubs
 *(.glue_7t)
 .glue_7t       0x080015c8        0x0 linker stubs
 *(.eh_frame)
 .eh_frame      0x080015c8        0x0 D:/STM32/STM32CubeIDE_1.15.1/STM32CubeIDE/plugins/com.st.stm32cube.ide.mcu.externaltools.gnu-tools-for-stm32.12.3.rel1.win32_1.0.100.202403111256/tools/bin/../lib/gcc/arm-none-eabi/12.3.1/thumb/v7e-m/nofp/crtbegin.o
 *(.init)
 .init          0x080015c8        0x4 D:/STM32/STM32CubeIDE_1.15.1/STM32CubeIDE/plugins/com.st.stm32cube.ide.mcu.externaltools.gnu-tools-for-stm32.12.3.rel1.win32_1.0.100.202403111256/tools/bin/../lib/gcc/arm-none-eabi/12.3.1/thumb/v7e-m/nofp/crti.o
                0x080015c8                _init
 .init          0x080015cc        0x8 D:/STM32/STM32CubeIDE_1.15.1/STM32CubeIDE/plugins/com.st.stm32cube.ide.mcu.externaltools.gnu-tools-for-stm32.12.3.rel1.win32_1.0.100.202403111256/tools/bin/../lib/gcc/arm-none-eabi/12.3.1/thumb/v7e-m/nofp/crtn.o
 *(.fini)
 .fini          0x080015d4        0x4 D:/STM32/STM32CubeIDE_1.15.1/STM32CubeIDE/plugins/com.st.stm32cube.ide.mcu.externaltools.gnu-tools-for-stm32.12.3.rel1.win32_1.0.100.202403111256/tools/bin/../lib/gcc/arm-none-eabi/12.3.1/thumb/v7e-m/nofp/crti.o
                0x080015d4                _fini
 .fini          0x080015d8        0x8 D:/STM32/STM32CubeIDE_1.15.1/STM32CubeIDE/plugins/com.st.stm32cube.ide.mcu.externaltools.gnu-tools-for-stm32.12.3.rel1.win32_1.0.100.202403111256/tools/bin/../lib/gcc/arm-none-eabi/12.3.1/thumb/v7e-m/nofp/crtn.o
                0x080015e0                        . = ALIGN (0x4)
                0x080015e0                        _etext = .

.vfp11_veneer   0x080015e0        0x0
 .vfp11_veneer  0x080015e0        0x0 linker stubs

.v4_bx          0x080015e0        0x0
 .v4_bx         0x080015e0        0x0 linker stubs

.iplt           0x080015e0        0x0
 .iplt          0x080015e0        0x0 D:/STM32/STM32CubeIDE_1.15.1/STM32CubeIDE/plugins/com.st.stm32cube.ide.mcu.externaltools.gnu-tools-for-stm32.12.3.rel1.win32_1.0.100.202403111256/tools/bin/../lib/gcc/arm-none-eabi/12.3.1/thumb/v7e-m/nofp/crtbegin.o

.rodata         0x080015e0       0x38
                0x080015e0                        . = ALIGN (0x4)
 *(.rodata)
 .rodata        0x080015e0        0x5 ./Src/adc.o
 *(.rodata*)
 .rodata._vfprintf_r.str1.1
                0x080015e5       0x11 D:/STM32/STM32CubeIDE_1.15.1/STM32CubeIDE/plugins/com.st.stm32cube.ide.mcu.externaltools.gnu-tools-for-stm32.12.3.rel1.win32_1.0.100.202403111256/tools/bin/../lib/gcc/arm-none-eabi/12.3.1/../../../../arm-none-eabi/lib/thumb/v7e-m/nofp\libc_nano.a(libc_a-nano-vfprintf.o)
 .rodata._printf_i.str1.1
                0x080015f6       0x22 D:/STM32/STM32CubeIDE_1.15.1/STM32CubeIDE/plugins/com.st.stm32cube.ide.mcu.externaltools.gnu-tools-for-stm32.12.3.rel1.win32_1.0.100.202403111256/tools/bin/../lib/gcc/arm-none-eabi/12.3.1/../../../../arm-none-eabi/lib/thumb/v7e-m/nofp\libc_nano.a(libc_a-nano-vfprintf_i.o)
                0x08001618                        . = ALIGN (0x4)

.ARM.extab      0x08001618        0x0
                0x08001618                        . = ALIGN (0x4)
 *(.ARM.extab* .gnu.linkonce.armextab.*)
                0x08001618                        . = ALIGN (0x4)

.ARM            0x08001618        0x8
                0x08001618                        . = ALIGN (0x4)
                0x08001618                        __exidx_start = .
 *(.ARM.exidx*)
 .ARM.exidx     0x08001618        0x8 D:/STM32/STM32CubeIDE_1.15.1/STM32CubeIDE/plugins/com.st.stm32cube.ide.mcu.externaltools.gnu-tools-for-stm32.12.3.rel1.win32_1.0.100.202403111256/tools/bin/../lib/gcc/arm-none-eabi/12.3.1/../../../../arm-none-eabi/lib/thumb/v7e-m/nofp\libc_nano.a(libc_a-memchr.o)
                0x08001620                        __exidx_end = .
                0x08001620                        . = ALIGN (0x4)

.rel.dyn        0x08001620        0x0
 .rel.iplt      0x08001620        0x0 D:/STM32/STM32CubeIDE_1.15.1/STM32CubeIDE/plugins/com.st.stm32cube.ide.mcu.externaltools.gnu-tools-for-stm32.12.3.rel1.win32_1.0.100.202403111256/tools/bin/../lib/gcc/arm-none-eabi/12.3.1/thumb/v7e-m/nofp/crtbegin.o

.preinit_array  0x08001620        0x0
                0x08001620                        . = ALIGN (0x4)
                0x08001620                        PROVIDE (__preinit_array_start = .)
 *(.preinit_array*)
                0x08001620                        PROVIDE (__preinit_array_end = .)
                0x08001620                        . = ALIGN (0x4)

.init_array     0x08001620        0x4
                0x08001620                        . = ALIGN (0x4)
                0x08001620                        PROVIDE (__init_array_start = .)
 *(SORT_BY_NAME(.init_array.*))
 *(.init_array*)
 .init_array    0x08001620        0x4 D:/STM32/STM32CubeIDE_1.15.1/STM32CubeIDE/plugins/com.st.stm32cube.ide.mcu.externaltools.gnu-tools-for-stm32.12.3.rel1.win32_1.0.100.202403111256/tools/bin/../lib/gcc/arm-none-eabi/12.3.1/thumb/v7e-m/nofp/crtbegin.o
                0x08001624                        PROVIDE (__init_array_end = .)
                0x08001624                        . = ALIGN (0x4)

.fini_array     0x08001624        0x4
                0x08001624                        . = ALIGN (0x4)
                [!provide]                        PROVIDE (__fini_array_start = .)
 *(SORT_BY_NAME(.fini_array.*))
 *(.fini_array*)
 .fini_array    0x08001624        0x4 D:/STM32/STM32CubeIDE_1.15.1/STM32CubeIDE/plugins/com.st.stm32cube.ide.mcu.externaltools.gnu-tools-for-stm32.12.3.rel1.win32_1.0.100.202403111256/tools/bin/../lib/gcc/arm-none-eabi/12.3.1/thumb/v7e-m/nofp/crtbegin.o
                [!provide]                        PROVIDE (__fini_array_end = .)
                0x08001628                        . = ALIGN (0x4)
                0x08001628                        _sidata = LOADADDR (.data)

.data           0x20000000       0x5c load address 0x08001628
                0x20000000                        . = ALIGN (0x4)
                0x20000000                        _sdata = .
 *(.data)
 *(.data*)
 .data.__sglue  0x20000000        0xc D:/STM32/STM32CubeIDE_1.15.1/STM32CubeIDE/plugins/com.st.stm32cube.ide.mcu.externaltools.gnu-tools-for-stm32.12.3.rel1.win32_1.0.100.202403111256/tools/bin/../lib/gcc/arm-none-eabi/12.3.1/../../../../arm-none-eabi/lib/thumb/v7e-m/nofp\libc_nano.a(libc_a-findfp.o)
                0x20000000                __sglue
 .data._impure_ptr
                0x2000000c        0x4 D:/STM32/STM32CubeIDE_1.15.1/STM32CubeIDE/plugins/com.st.stm32cube.ide.mcu.externaltools.gnu-tools-for-stm32.12.3.rel1.win32_1.0.100.202403111256/tools/bin/../lib/gcc/arm-none-eabi/12.3.1/../../../../arm-none-eabi/lib/thumb/v7e-m/nofp\libc_nano.a(libc_a-impure.o)
                0x2000000c                _impure_ptr
 .data._impure_data
                0x20000010       0x4c D:/STM32/STM32CubeIDE_1.15.1/STM32CubeIDE/plugins/com.st.stm32cube.ide.mcu.externaltools.gnu-tools-for-stm32.12.3.rel1.win32_1.0.100.202403111256/tools/bin/../lib/gcc/arm-none-eabi/12.3.1/../../../../arm-none-eabi/lib/thumb/v7e-m/nofp\libc_nano.a(libc_a-impure.o)
                0x20000010                _impure_data
 *(.RamFunc)
 *(.RamFunc*)
                0x2000005c                        . = ALIGN (0x4)
                0x2000005c                        _edata = .

.igot.plt       0x2000005c        0x0 load address 0x08001684
 .igot.plt      0x2000005c        0x0 D:/STM32/STM32CubeIDE_1.15.1/STM32CubeIDE/plugins/com.st.stm32cube.ide.mcu.externaltools.gnu-tools-for-stm32.12.3.rel1.win32_1.0.100.202403111256/tools/bin/../lib/gcc/arm-none-eabi/12.3.1/thumb/v7e-m/nofp/crtbegin.o
                0x2000005c                        . = ALIGN (0x4)

.bss            0x2000005c      0x174 load address 0x08001684
                0x2000005c                        _sbss = .
                0x2000005c                        __bss_start__ = _sbss
 *(.bss)
 .bss           0x2000005c       0x1c D:/STM32/STM32CubeIDE_1.15.1/STM32CubeIDE/plugins/com.st.stm32cube.ide.mcu.externaltools.gnu-tools-for-stm32.12.3.rel1.win32_1.0.100.202403111256/tools/bin/../lib/gcc/arm-none-eabi/12.3.1/thumb/v7e-m/nofp/crtbegin.o
 *(.bss*)
 .bss.ms_counter
                0x20000078        0x4 ./Src/sysTick.o
                0x20000078                ms_counter
 .bss.millis    0x2000007c        0x4 ./Src/sysTick.o
                0x2000007c                millis
 .bss.__sbrk_heap_end
                0x20000080        0x4 ./Src/sysmem.o
 .bss.__sf      0x20000084      0x138 D:/STM32/STM32CubeIDE_1.15.1/STM32CubeIDE/plugins/com.st.stm32cube.ide.mcu.externaltools.gnu-tools-for-stm32.12.3.rel1.win32_1.0.100.202403111256/tools/bin/../lib/gcc/arm-none-eabi/12.3.1/../../../../arm-none-eabi/lib/thumb/v7e-m/nofp\libc_nano.a(libc_a-findfp.o)
                0x20000084                __sf
 .bss.__stdio_exit_handler
                0x200001bc        0x4 D:/STM32/STM32CubeIDE_1.15.1/STM32CubeIDE/plugins/com.st.stm32cube.ide.mcu.externaltools.gnu-tools-for-stm32.12.3.rel1.win32_1.0.100.202403111256/tools/bin/../lib/gcc/arm-none-eabi/12.3.1/../../../../arm-none-eabi/lib/thumb/v7e-m/nofp\libc_nano.a(libc_a-findfp.o)
                0x200001bc                __stdio_exit_handler
 .bss.errno     0x200001c0        0x4 D:/STM32/STM32CubeIDE_1.15.1/STM32CubeIDE/plugins/com.st.stm32cube.ide.mcu.externaltools.gnu-tools-for-stm32.12.3.rel1.win32_1.0.100.202403111256/tools/bin/../lib/gcc/arm-none-eabi/12.3.1/../../../../arm-none-eabi/lib/thumb/v7e-m/nofp\libc_nano.a(libc_a-reent.o)
                0x200001c0                errno
 .bss.__lock___malloc_recursive_mutex
                0x200001c4        0x1 D:/STM32/STM32CubeIDE_1.15.1/STM32CubeIDE/plugins/com.st.stm32cube.ide.mcu.externaltools.gnu-tools-for-stm32.12.3.rel1.win32_1.0.100.202403111256/tools/bin/../lib/gcc/arm-none-eabi/12.3.1/../../../../arm-none-eabi/lib/thumb/v7e-m/nofp\libc_nano.a(libc_a-lock.o)
                0x200001c4                __lock___malloc_recursive_mutex
 .bss.__lock___sfp_recursive_mutex
                0x200001c5        0x1 D:/STM32/STM32CubeIDE_1.15.1/STM32CubeIDE/plugins/com.st.stm32cube.ide.mcu.externaltools.gnu-tools-for-stm32.12.3.rel1.win32_1.0.100.202403111256/tools/bin/../lib/gcc/arm-none-eabi/12.3.1/../../../../arm-none-eabi/lib/thumb/v7e-m/nofp\libc_nano.a(libc_a-lock.o)
                0x200001c5                __lock___sfp_recursive_mutex
 *fill*         0x200001c6        0x2 
 .bss.__malloc_sbrk_start
                0x200001c8        0x4 D:/STM32/STM32CubeIDE_1.15.1/STM32CubeIDE/plugins/com.st.stm32cube.ide.mcu.externaltools.gnu-tools-for-stm32.12.3.rel1.win32_1.0.100.202403111256/tools/bin/../lib/gcc/arm-none-eabi/12.3.1/../../../../arm-none-eabi/lib/thumb/v7e-m/nofp\libc_nano.a(libc_a-mallocr.o)
                0x200001c8                __malloc_sbrk_start
 .bss.__malloc_free_list
                0x200001cc        0x4 D:/STM32/STM32CubeIDE_1.15.1/STM32CubeIDE/plugins/com.st.stm32cube.ide.mcu.externaltools.gnu-tools-for-stm32.12.3.rel1.win32_1.0.100.202403111256/tools/bin/../lib/gcc/arm-none-eabi/12.3.1/../../../../arm-none-eabi/lib/thumb/v7e-m/nofp\libc_nano.a(libc_a-mallocr.o)
                0x200001cc                __malloc_free_list
 *(COMMON)
                0x200001d0                        . = ALIGN (0x4)
                0x200001d0                        _ebss = .
                0x200001d0                        __bss_end__ = _ebss

._user_heap_stack
                0x200001d0      0x600 load address 0x08001684
                0x200001d0                        . = ALIGN (0x8)
                [!provide]                        PROVIDE (end = .)
                0x200001d0                        PROVIDE (_end = .)
                0x200003d0                        . = (. + _Min_Heap_Size)
 *fill*         0x200001d0      0x200 
                0x200007d0                        . = (. + _Min_Stack_Size)
 *fill*         0x200003d0      0x400 
                0x200007d0                        . = ALIGN (0x8)

/DISCARD/
 libc.a(*)
 libm.a(*)
 libgcc.a(*)

.ARM.attributes
                0x00000000       0x2a
 *(.ARM.attributes)
 .ARM.attributes
                0x00000000       0x1e D:/STM32/STM32CubeIDE_1.15.1/STM32CubeIDE/plugins/com.st.stm32cube.ide.mcu.externaltools.gnu-tools-for-stm32.12.3.rel1.win32_1.0.100.202403111256/tools/bin/../lib/gcc/arm-none-eabi/12.3.1/thumb/v7e-m/nofp/crti.o
 .ARM.attributes
                0x0000001e       0x2e D:/STM32/STM32CubeIDE_1.15.1/STM32CubeIDE/plugins/com.st.stm32cube.ide.mcu.externaltools.gnu-tools-for-stm32.12.3.rel1.win32_1.0.100.202403111256/tools/bin/../lib/gcc/arm-none-eabi/12.3.1/thumb/v7e-m/nofp/crtbegin.o
 .ARM.attributes
                0x0000004c       0x2e ./Src/adc.o
 .ARM.attributes
                0x0000007a       0x2e ./Src/main.o
 .ARM.attributes
                0x000000a8       0x2e ./Src/pll.o
 .ARM.attributes
                0x000000d6       0x2e ./Src/serial.o
 .ARM.attributes
                0x00000104       0x2e ./Src/sysTick.o
 .ARM.attributes
                0x00000132       0x2e ./Src/syscalls.o
 .ARM.attributes
                0x00000160       0x2e ./Src/sysmem.o
 .ARM.attributes
                0x0000018e       0x21 ./Startup/startup_stm32f446retx.o
 .ARM.attributes
                0x000001af       0x2e D:/STM32/STM32CubeIDE_1.15.1/STM32CubeIDE/plugins/com.st.stm32cube.ide.mcu.externaltools.gnu-tools-for-stm32.12.3.rel1.win32_1.0.100.202403111256/tools/bin/../lib/gcc/arm-none-eabi/12.3.1/../../../../arm-none-eabi/lib/thumb/v7e-m/nofp\libc_nano.a(libc_a-findfp.o)
 .ARM.attributes
                0x000001dd       0x2e D:/STM32/STM32CubeIDE_1.15.1/STM32CubeIDE/plugins/com.st.stm32cube.ide.mcu.externaltools.gnu-tools-for-stm32.12.3.rel1.win32_1.0.100.202403111256/tools/bin/../lib/gcc/arm-none-eabi/12.3.1/../../../../arm-none-eabi/lib/thumb/v7e-m/nofp\libc_nano.a(libc_a-fwalk.o)
 .ARM.attributes
                0x0000020b       0x2e D:/STM32/STM32CubeIDE_1.15.1/STM32CubeIDE/plugins/com.st.stm32cube.ide.mcu.externaltools.gnu-tools-for-stm32.12.3.rel1.win32_1.0.100.202403111256/tools/bin/../lib/gcc/arm-none-eabi/12.3.1/../../../../arm-none-eabi/lib/thumb/v7e-m/nofp\libc_nano.a(libc_a-printf.o)
 .ARM.attributes
                0x00000239       0x2e D:/STM32/STM32CubeIDE_1.15.1/STM32CubeIDE/plugins/com.st.stm32cube.ide.mcu.externaltools.gnu-tools-for-stm32.12.3.rel1.win32_1.0.100.202403111256/tools/bin/../lib/gcc/arm-none-eabi/12.3.1/../../../../arm-none-eabi/lib/thumb/v7e-m/nofp\libc_nano.a(libc_a-stdio.o)
 .ARM.attributes
                0x00000267       0x2e D:/STM32/STM32CubeIDE_1.15.1/STM32CubeIDE/plugins/com.st.stm32cube.ide.mcu.externaltools.gnu-tools-for-stm32.12.3.rel1.win32_1.0.100.202403111256/tools/bin/../lib/gcc/arm-none-eabi/12.3.1/../../../../arm-none-eabi/lib/thumb/v7e-m/nofp\libc_nano.a(libc_a-memset.o)
 .ARM.attributes
                0x00000295       0x2e D:/STM32/STM32CubeIDE_1.15.1/STM32CubeIDE/plugins/com.st.stm32cube.ide.mcu.externaltools.gnu-tools-for-stm32.12.3.rel1.win32_1.0.100.202403111256/tools/bin/../lib/gcc/arm-none-eabi/12.3.1/../../../../arm-none-eabi/lib/thumb/v7e-m/nofp\libc_nano.a(libc_a-closer.o)
 .ARM.attributes
                0x000002c3       0x2e D:/STM32/STM32CubeIDE_1.15.1/STM32CubeIDE/plugins/com.st.stm32cube.ide.mcu.externaltools.gnu-tools-for-stm32.12.3.rel1.win32_1.0.100.202403111256/tools/bin/../lib/gcc/arm-none-eabi/12.3.1/../../../../arm-none-eabi/lib/thumb/v7e-m/nofp\libc_nano.a(libc_a-reent.o)
 .ARM.attributes
                0x000002f1       0x2e D:/STM32/STM32CubeIDE_1.15.1/STM32CubeIDE/plugins/com.st.stm32cube.ide.mcu.externaltools.gnu-tools-for-stm32.12.3.rel1.win32_1.0.100.202403111256/tools/bin/../lib/gcc/arm-none-eabi/12.3.1/../../../../arm-none-eabi/lib/thumb/v7e-m/nofp\libc_nano.a(libc_a-impure.o)
 .ARM.attributes
                0x0000031f       0x2e D:/STM32/STM32CubeIDE_1.15.1/STM32CubeIDE/plugins/com.st.stm32cube.ide.mcu.externaltools.gnu-tools-for-stm32.12.3.rel1.win32_1.0.100.202403111256/tools/bin/../lib/gcc/arm-none-eabi/12.3.1/../../../../arm-none-eabi/lib/thumb/v7e-m/nofp\libc_nano.a(libc_a-lseekr.o)
 .ARM.attributes
                0x0000034d       0x2e D:/STM32/STM32CubeIDE_1.15.1/STM32CubeIDE/plugins/com.st.stm32cube.ide.mcu.externaltools.gnu-tools-for-stm32.12.3.rel1.win32_1.0.100.202403111256/tools/bin/../lib/gcc/arm-none-eabi/12.3.1/../../../../arm-none-eabi/lib/thumb/v7e-m/nofp\libc_nano.a(libc_a-readr.o)
 .ARM.attributes
                0x0000037b       0x2e D:/STM32/STM32CubeIDE_1.15.1/STM32CubeIDE/plugins/com.st.stm32cube.ide.mcu.externaltools.gnu-tools-for-stm32.12.3.rel1.win32_1.0.100.202403111256/tools/bin/../lib/gcc/arm-none-eabi/12.3.1/../../../../arm-none-eabi/lib/thumb/v7e-m/nofp\libc_nano.a(libc_a-writer.o)
 .ARM.attributes
                0x000003a9       0x2e D:/STM32/STM32CubeIDE_1.15.1/STM32CubeIDE/plugins/com.st.stm32cube.ide.mcu.externaltools.gnu-tools-for-stm32.12.3.rel1.win32_1.0.100.202403111256/tools/bin/../lib/gcc/arm-none-eabi/12.3.1/../../../../arm-none-eabi/lib/thumb/v7e-m/nofp\libc_nano.a(libc_a-errno.o)
 .ARM.attributes
                0x000003d7       0x2e D:/STM32/STM32CubeIDE_1.15.1/STM32CubeIDE/plugins/com.st.stm32cube.ide.mcu.externaltools.gnu-tools-for-stm32.12.3.rel1.win32_1.0.100.202403111256/tools/bin/../lib/gcc/arm-none-eabi/12.3.1/../../../../arm-none-eabi/lib/thumb/v7e-m/nofp\libc_nano.a(libc_a-init.o)
 .ARM.attributes
                0x00000405       0x2e D:/STM32/STM32CubeIDE_1.15.1/STM32CubeIDE/plugins/com.st.stm32cube.ide.mcu.externaltools.gnu-tools-for-stm32.12.3.rel1.win32_1.0.100.202403111256/tools/bin/../lib/gcc/arm-none-eabi/12.3.1/../../../../arm-none-eabi/lib/thumb/v7e-m/nofp\libc_nano.a(libc_a-lock.o)
 .ARM.attributes
                0x00000433       0x2e D:/STM32/STM32CubeIDE_1.15.1/STM32CubeIDE/plugins/com.st.stm32cube.ide.mcu.externaltools.gnu-tools-for-stm32.12.3.rel1.win32_1.0.100.202403111256/tools/bin/../lib/gcc/arm-none-eabi/12.3.1/../../../../arm-none-eabi/lib/thumb/v7e-m/nofp\libc_nano.a(libc_a-freer.o)
 .ARM.attributes
                0x00000461       0x2e D:/STM32/STM32CubeIDE_1.15.1/STM32CubeIDE/plugins/com.st.stm32cube.ide.mcu.externaltools.gnu-tools-for-stm32.12.3.rel1.win32_1.0.100.202403111256/tools/bin/../lib/gcc/arm-none-eabi/12.3.1/../../../../arm-none-eabi/lib/thumb/v7e-m/nofp\libc_nano.a(libc_a-mallocr.o)
 .ARM.attributes
                0x0000048f       0x2e D:/STM32/STM32CubeIDE_1.15.1/STM32CubeIDE/plugins/com.st.stm32cube.ide.mcu.externaltools.gnu-tools-for-stm32.12.3.rel1.win32_1.0.100.202403111256/tools/bin/../lib/gcc/arm-none-eabi/12.3.1/../../../../arm-none-eabi/lib/thumb/v7e-m/nofp\libc_nano.a(libc_a-mlock.o)
 .ARM.attributes
                0x000004bd       0x2e D:/STM32/STM32CubeIDE_1.15.1/STM32CubeIDE/plugins/com.st.stm32cube.ide.mcu.externaltools.gnu-tools-for-stm32.12.3.rel1.win32_1.0.100.202403111256/tools/bin/../lib/gcc/arm-none-eabi/12.3.1/../../../../arm-none-eabi/lib/thumb/v7e-m/nofp\libc_nano.a(libc_a-nano-vfprintf.o)
 .ARM.attributes
                0x000004eb       0x2e D:/STM32/STM32CubeIDE_1.15.1/STM32CubeIDE/plugins/com.st.stm32cube.ide.mcu.externaltools.gnu-tools-for-stm32.12.3.rel1.win32_1.0.100.202403111256/tools/bin/../lib/gcc/arm-none-eabi/12.3.1/../../../../arm-none-eabi/lib/thumb/v7e-m/nofp\libc_nano.a(libc_a-nano-vfprintf_i.o)
 .ARM.attributes
                0x00000519       0x2e D:/STM32/STM32CubeIDE_1.15.1/STM32CubeIDE/plugins/com.st.stm32cube.ide.mcu.externaltools.gnu-tools-for-stm32.12.3.rel1.win32_1.0.100.202403111256/tools/bin/../lib/gcc/arm-none-eabi/12.3.1/../../../../arm-none-eabi/lib/thumb/v7e-m/nofp\libc_nano.a(libc_a-fflush.o)
 .ARM.attributes
                0x00000547       0x2e D:/STM32/STM32CubeIDE_1.15.1/STM32CubeIDE/plugins/com.st.stm32cube.ide.mcu.externaltools.gnu-tools-for-stm32.12.3.rel1.win32_1.0.100.202403111256/tools/bin/../lib/gcc/arm-none-eabi/12.3.1/../../../../arm-none-eabi/lib/thumb/v7e-m/nofp\libc_nano.a(libc_a-wbuf.o)
 .ARM.attributes
                0x00000575       0x2e D:/STM32/STM32CubeIDE_1.15.1/STM32CubeIDE/plugins/com.st.stm32cube.ide.mcu.externaltools.gnu-tools-for-stm32.12.3.rel1.win32_1.0.100.202403111256/tools/bin/../lib/gcc/arm-none-eabi/12.3.1/../../../../arm-none-eabi/lib/thumb/v7e-m/nofp\libc_nano.a(libc_a-wsetup.o)
 .ARM.attributes
                0x000005a3       0x2e D:/STM32/STM32CubeIDE_1.15.1/STM32CubeIDE/plugins/com.st.stm32cube.ide.mcu.externaltools.gnu-tools-for-stm32.12.3.rel1.win32_1.0.100.202403111256/tools/bin/../lib/gcc/arm-none-eabi/12.3.1/../../../../arm-none-eabi/lib/thumb/v7e-m/nofp\libc_nano.a(libc_a-sbrkr.o)
 .ARM.attributes
                0x000005d1       0x1c D:/STM32/STM32CubeIDE_1.15.1/STM32CubeIDE/plugins/com.st.stm32cube.ide.mcu.externaltools.gnu-tools-for-stm32.12.3.rel1.win32_1.0.100.202403111256/tools/bin/../lib/gcc/arm-none-eabi/12.3.1/../../../../arm-none-eabi/lib/thumb/v7e-m/nofp\libc_nano.a(libc_a-memchr.o)
 .ARM.attributes
                0x000005ed       0x2e D:/STM32/STM32CubeIDE_1.15.1/STM32CubeIDE/plugins/com.st.stm32cube.ide.mcu.externaltools.gnu-tools-for-stm32.12.3.rel1.win32_1.0.100.202403111256/tools/bin/../lib/gcc/arm-none-eabi/12.3.1/../../../../arm-none-eabi/lib/thumb/v7e-m/nofp\libc_nano.a(libc_a-makebuf.o)
 .ARM.attributes
                0x0000061b       0x2e D:/STM32/STM32CubeIDE_1.15.1/STM32CubeIDE/plugins/com.st.stm32cube.ide.mcu.externaltools.gnu-tools-for-stm32.12.3.rel1.win32_1.0.100.202403111256/tools/bin/../lib/gcc/arm-none-eabi/12.3.1/../../../../arm-none-eabi/lib/thumb/v7e-m/nofp\libc_nano.a(libc_a-fstatr.o)
 .ARM.attributes
                0x00000649       0x2e D:/STM32/STM32CubeIDE_1.15.1/STM32CubeIDE/plugins/com.st.stm32cube.ide.mcu.externaltools.gnu-tools-for-stm32.12.3.rel1.win32_1.0.100.202403111256/tools/bin/../lib/gcc/arm-none-eabi/12.3.1/../../../../arm-none-eabi/lib/thumb/v7e-m/nofp\libc_nano.a(libc_a-isattyr.o)
 .ARM.attributes
                0x00000677       0x1e D:/STM32/STM32CubeIDE_1.15.1/STM32CubeIDE/plugins/com.st.stm32cube.ide.mcu.externaltools.gnu-tools-for-stm32.12.3.rel1.win32_1.0.100.202403111256/tools/bin/../lib/gcc/arm-none-eabi/12.3.1/thumb/v7e-m/nofp/crtn.o
OUTPUT(ADC_intr.elf elf32-littlearm)
LOAD linker stubs
LOAD D:/STM32/STM32CubeIDE_1.15.1/STM32CubeIDE/plugins/com.st.stm32cube.ide.mcu.externaltools.gnu-tools-for-stm32.12.3.rel1.win32_1.0.100.202403111256/tools/bin/../lib/gcc/arm-none-eabi/12.3.1/../../../../arm-none-eabi/lib/thumb/v7e-m/nofp\libc.a
LOAD D:/STM32/STM32CubeIDE_1.15.1/STM32CubeIDE/plugins/com.st.stm32cube.ide.mcu.externaltools.gnu-tools-for-stm32.12.3.rel1.win32_1.0.100.202403111256/tools/bin/../lib/gcc/arm-none-eabi/12.3.1/../../../../arm-none-eabi/lib/thumb/v7e-m/nofp\libm.a
LOAD D:/STM32/STM32CubeIDE_1.15.1/STM32CubeIDE/plugins/com.st.stm32cube.ide.mcu.externaltools.gnu-tools-for-stm32.12.3.rel1.win32_1.0.100.202403111256/tools/bin/../lib/gcc/arm-none-eabi/12.3.1/thumb/v7e-m/nofp\libgcc.a

.debug_info     0x00000000     0x1e48
 .debug_info    0x00000000      0x8a9 ./Src/adc.o
 .debug_info    0x000008a9      0x14d ./Src/main.o
 .debug_info    0x000009f6      0x2ec ./Src/pll.o
 .debug_info    0x00000ce2      0x7d3 ./Src/serial.o
 .debug_info    0x000014b5      0x158 ./Src/sysTick.o
 .debug_info    0x0000160d      0x6a3 ./Src/syscalls.o
 .debug_info    0x00001cb0      0x168 ./Src/sysmem.o
 .debug_info    0x00001e18       0x30 ./Startup/startup_stm32f446retx.o

.debug_abbrev   0x00000000      0x8df
 .debug_abbrev  0x00000000      0x231 ./Src/adc.o
 .debug_abbrev  0x00000231       0xd1 ./Src/main.o
 .debug_abbrev  0x00000302       0xb3 ./Src/pll.o
 .debug_abbrev  0x000003b5      0x196 ./Src/serial.o
 .debug_abbrev  0x0000054b       0xfe ./Src/sysTick.o
 .debug_abbrev  0x00000649      0x1b6 ./Src/syscalls.o
 .debug_abbrev  0x000007ff       0xbc ./Src/sysmem.o
 .debug_abbrev  0x000008bb       0x24 ./Startup/startup_stm32f446retx.o

.debug_aranges  0x00000000      0x200
 .debug_aranges
                0x00000000       0x48 ./Src/adc.o
 .debug_aranges
                0x00000048       0x28 ./Src/main.o
 .debug_aranges
                0x00000070       0x20 ./Src/pll.o
 .debug_aranges
                0x00000090       0x48 ./Src/serial.o
 .debug_aranges
                0x000000d8       0x38 ./Src/sysTick.o
 .debug_aranges
                0x00000110       0xa8 ./Src/syscalls.o
 .debug_aranges
                0x000001b8       0x20 ./Src/sysmem.o
 .debug_aranges
                0x000001d8       0x28 ./Startup/startup_stm32f446retx.o

.debug_rnglists
                0x00000000      0x159
 .debug_rnglists
                0x00000000       0x31 ./Src/adc.o
 .debug_rnglists
                0x00000031       0x19 ./Src/main.o
 .debug_rnglists
                0x0000004a       0x14 ./Src/pll.o
 .debug_rnglists
                0x0000005e       0x31 ./Src/serial.o
 .debug_rnglists
                0x0000008f       0x25 ./Src/sysTick.o
 .debug_rnglists
                0x000000b4       0x79 ./Src/syscalls.o
 .debug_rnglists
                0x0000012d       0x13 ./Src/sysmem.o
 .debug_rnglists
                0x00000140       0x19 ./Startup/startup_stm32f446retx.o

.debug_macro    0x00000000     0xdab6
 .debug_macro   0x00000000      0x1a1 ./Src/adc.o
 .debug_macro   0x000001a1      0xab4 ./Src/adc.o
 .debug_macro   0x00000c55       0x28 ./Src/adc.o
 .debug_macro   0x00000c7d       0x22 ./Src/adc.o
 .debug_macro   0x00000c9f       0x8e ./Src/adc.o
 .debug_macro   0x00000d2d       0x51 ./Src/adc.o
 .debug_macro   0x00000d7e      0x103 ./Src/adc.o
 .debug_macro   0x00000e81       0x6a ./Src/adc.o
 .debug_macro   0x00000eeb      0x1df ./Src/adc.o
 .debug_macro   0x000010ca       0x1c ./Src/adc.o
 .debug_macro   0x000010e6       0x22 ./Src/adc.o
 .debug_macro   0x00001108      0x107 ./Src/adc.o
 .debug_macro   0x0000120f     0x1057 ./Src/adc.o
 .debug_macro   0x00002266      0x11f ./Src/adc.o
 .debug_macro   0x00002385     0x9699 ./Src/adc.o
 .debug_macro   0x0000ba1e       0x61 ./Src/adc.o
 .debug_macro   0x0000ba7f       0x24 ./Src/adc.o
 .debug_macro   0x0000baa3       0x43 ./Src/adc.o
 .debug_macro   0x0000bae6       0x34 ./Src/adc.o
 .debug_macro   0x0000bb1a       0x16 ./Src/adc.o
 .debug_macro   0x0000bb30       0x9e ./Src/adc.o
 .debug_macro   0x0000bbce      0x369 ./Src/adc.o
 .debug_macro   0x0000bf37      0x10b ./Src/adc.o
 .debug_macro   0x0000c042       0x10 ./Src/adc.o
 .debug_macro   0x0000c052       0x16 ./Src/adc.o
 .debug_macro   0x0000c068       0x43 ./Src/adc.o
 .debug_macro   0x0000c0ab       0x34 ./Src/adc.o
 .debug_macro   0x0000c0df       0x10 ./Src/adc.o
 .debug_macro   0x0000c0ef       0x58 ./Src/adc.o
 .debug_macro   0x0000c147       0x8e ./Src/adc.o
 .debug_macro   0x0000c1d5       0x1c ./Src/adc.o
 .debug_macro   0x0000c1f1      0x177 ./Src/adc.o
 .debug_macro   0x0000c368       0x16 ./Src/adc.o
 .debug_macro   0x0000c37e       0x16 ./Src/adc.o
 .debug_macro   0x0000c394      0x146 ./Src/adc.o
 .debug_macro   0x0000c4da      0x1a6 ./Src/main.o
 .debug_macro   0x0000c680       0x2e ./Src/main.o
 .debug_macro   0x0000c6ae       0xbd ./Src/pll.o
 .debug_macro   0x0000c76b       0xdf ./Src/serial.o
 .debug_macro   0x0000c84a       0xbd ./Src/sysTick.o
 .debug_macro   0x0000c907      0x274 ./Src/syscalls.o
 .debug_macro   0x0000cb7b       0x5b ./Src/syscalls.o
 .debug_macro   0x0000cbd6       0x94 ./Src/syscalls.o
 .debug_macro   0x0000cc6a       0x57 ./Src/syscalls.o
 .debug_macro   0x0000ccc1      0x189 ./Src/syscalls.o
 .debug_macro   0x0000ce4a       0x10 ./Src/syscalls.o
 .debug_macro   0x0000ce5a       0x35 ./Src/syscalls.o
 .debug_macro   0x0000ce8f       0x10 ./Src/syscalls.o
 .debug_macro   0x0000ce9f       0x10 ./Src/syscalls.o
 .debug_macro   0x0000ceaf       0x10 ./Src/syscalls.o
 .debug_macro   0x0000cebf       0x1c ./Src/syscalls.o
 .debug_macro   0x0000cedb       0x52 ./Src/syscalls.o
 .debug_macro   0x0000cf2d       0x22 ./Src/syscalls.o
 .debug_macro   0x0000cf4f       0x10 ./Src/syscalls.o
 .debug_macro   0x0000cf5f       0x52 ./Src/syscalls.o
 .debug_macro   0x0000cfb1       0xcf ./Src/syscalls.o
 .debug_macro   0x0000d080       0x1c ./Src/syscalls.o
 .debug_macro   0x0000d09c       0x3d ./Src/syscalls.o
 .debug_macro   0x0000d0d9       0x35 ./Src/syscalls.o
 .debug_macro   0x0000d10e      0x12c ./Src/syscalls.o
 .debug_macro   0x0000d23a       0x16 ./Src/syscalls.o
 .debug_macro   0x0000d250       0x16 ./Src/syscalls.o
 .debug_macro   0x0000d266       0x29 ./Src/syscalls.o
 .debug_macro   0x0000d28f       0x10 ./Src/syscalls.o
 .debug_macro   0x0000d29f      0x242 ./Src/syscalls.o
 .debug_macro   0x0000d4e1       0x1c ./Src/syscalls.o
 .debug_macro   0x0000d4fd       0x10 ./Src/syscalls.o
 .debug_macro   0x0000d50d      0x18a ./Src/syscalls.o
 .debug_macro   0x0000d697       0x16 ./Src/syscalls.o
 .debug_macro   0x0000d6ad       0xce ./Src/syscalls.o
 .debug_macro   0x0000d77b       0xff ./Src/sysmem.o
 .debug_macro   0x0000d87a      0x23c ./Src/sysmem.o

.debug_line     0x00000000     0x2bb0
 .debug_line    0x00000000      0x6d9 ./Src/adc.o
 .debug_line    0x000006d9      0x640 ./Src/main.o
 .debug_line    0x00000d19      0x539 ./Src/pll.o
 .debug_line    0x00001252      0x5a9 ./Src/serial.o
 .debug_line    0x000017fb      0x4f1 ./Src/sysTick.o
 .debug_line    0x00001cec      0x8bc ./Src/syscalls.o
 .debug_line    0x000025a8      0x58d ./Src/sysmem.o
 .debug_line    0x00002b35       0x7b ./Startup/startup_stm32f446retx.o

.debug_str      0x00000000    0x479bb
 .debug_str     0x00000000    0x4565f ./Src/adc.o
                              0x458bc (size before relaxing)
 .debug_str     0x0004565f       0xbc ./Src/main.o
                              0x451da (size before relaxing)
 .debug_str     0x0004571b       0x3c ./Src/pll.o
                              0x41876 (size before relaxing)
 .debug_str     0x00045757       0xaa ./Src/serial.o
                              0x41ead (size before relaxing)
 .debug_str     0x00045801       0x63 ./Src/sysTick.o
                              0x41775 (size before relaxing)
 .debug_str     0x00045864     0x20b2 ./Src/syscalls.o
                               0x9847 (size before relaxing)
 .debug_str     0x00047916       0x66 ./Src/sysmem.o
                               0x605f (size before relaxing)
 .debug_str     0x0004797c       0x3f ./Startup/startup_stm32f446retx.o
                                 0x51 (size before relaxing)

.comment        0x00000000       0x43
 .comment       0x00000000       0x43 ./Src/adc.o
                                 0x44 (size before relaxing)
 .comment       0x00000043       0x44 ./Src/main.o
 .comment       0x00000043       0x44 ./Src/pll.o
 .comment       0x00000043       0x44 ./Src/serial.o
 .comment       0x00000043       0x44 ./Src/sysTick.o
 .comment       0x00000043       0x44 ./Src/syscalls.o
 .comment       0x00000043       0x44 ./Src/sysmem.o

.debug_frame    0x00000000      0xd80
 .debug_frame   0x00000000       0xd8 ./Src/adc.o
 .debug_frame   0x000000d8       0x50 ./Src/main.o
 .debug_frame   0x00000128       0x30 ./Src/pll.o
 .debug_frame   0x00000158       0xdc ./Src/serial.o
 .debug_frame   0x00000234       0x98 ./Src/sysTick.o
 .debug_frame   0x000002cc      0x2ac ./Src/syscalls.o
 .debug_frame   0x00000578       0x34 ./Src/sysmem.o
 .debug_frame   0x000005ac      0x144 D:/STM32/STM32CubeIDE_1.15.1/STM32CubeIDE/plugins/com.st.stm32cube.ide.mcu.externaltools.gnu-tools-for-stm32.12.3.rel1.win32_1.0.100.202403111256/tools/bin/../lib/gcc/arm-none-eabi/12.3.1/../../../../arm-none-eabi/lib/thumb/v7e-m/nofp\libc_nano.a(libc_a-findfp.o)
 .debug_frame   0x000006f0       0x34 D:/STM32/STM32CubeIDE_1.15.1/STM32CubeIDE/plugins/com.st.stm32cube.ide.mcu.externaltools.gnu-tools-for-stm32.12.3.rel1.win32_1.0.100.202403111256/tools/bin/../lib/gcc/arm-none-eabi/12.3.1/../../../../arm-none-eabi/lib/thumb/v7e-m/nofp\libc_nano.a(libc_a-fwalk.o)
 .debug_frame   0x00000724       0x6c D:/STM32/STM32CubeIDE_1.15.1/STM32CubeIDE/plugins/com.st.stm32cube.ide.mcu.externaltools.gnu-tools-for-stm32.12.3.rel1.win32_1.0.100.202403111256/tools/bin/../lib/gcc/arm-none-eabi/12.3.1/../../../../arm-none-eabi/lib/thumb/v7e-m/nofp\libc_nano.a(libc_a-printf.o)
 .debug_frame   0x00000790       0x88 D:/STM32/STM32CubeIDE_1.15.1/STM32CubeIDE/plugins/com.st.stm32cube.ide.mcu.externaltools.gnu-tools-for-stm32.12.3.rel1.win32_1.0.100.202403111256/tools/bin/../lib/gcc/arm-none-eabi/12.3.1/../../../../arm-none-eabi/lib/thumb/v7e-m/nofp\libc_nano.a(libc_a-stdio.o)
 .debug_frame   0x00000818       0x20 D:/STM32/STM32CubeIDE_1.15.1/STM32CubeIDE/plugins/com.st.stm32cube.ide.mcu.externaltools.gnu-tools-for-stm32.12.3.rel1.win32_1.0.100.202403111256/tools/bin/../lib/gcc/arm-none-eabi/12.3.1/../../../../arm-none-eabi/lib/thumb/v7e-m/nofp\libc_nano.a(libc_a-memset.o)
 .debug_frame   0x00000838       0x2c D:/STM32/STM32CubeIDE_1.15.1/STM32CubeIDE/plugins/com.st.stm32cube.ide.mcu.externaltools.gnu-tools-for-stm32.12.3.rel1.win32_1.0.100.202403111256/tools/bin/../lib/gcc/arm-none-eabi/12.3.1/../../../../arm-none-eabi/lib/thumb/v7e-m/nofp\libc_nano.a(libc_a-closer.o)
 .debug_frame   0x00000864       0x38 D:/STM32/STM32CubeIDE_1.15.1/STM32CubeIDE/plugins/com.st.stm32cube.ide.mcu.externaltools.gnu-tools-for-stm32.12.3.rel1.win32_1.0.100.202403111256/tools/bin/../lib/gcc/arm-none-eabi/12.3.1/../../../../arm-none-eabi/lib/thumb/v7e-m/nofp\libc_nano.a(libc_a-reent.o)
 .debug_frame   0x0000089c       0x2c D:/STM32/STM32CubeIDE_1.15.1/STM32CubeIDE/plugins/com.st.stm32cube.ide.mcu.externaltools.gnu-tools-for-stm32.12.3.rel1.win32_1.0.100.202403111256/tools/bin/../lib/gcc/arm-none-eabi/12.3.1/../../../../arm-none-eabi/lib/thumb/v7e-m/nofp\libc_nano.a(libc_a-lseekr.o)
 .debug_frame   0x000008c8       0x2c D:/STM32/STM32CubeIDE_1.15.1/STM32CubeIDE/plugins/com.st.stm32cube.ide.mcu.externaltools.gnu-tools-for-stm32.12.3.rel1.win32_1.0.100.202403111256/tools/bin/../lib/gcc/arm-none-eabi/12.3.1/../../../../arm-none-eabi/lib/thumb/v7e-m/nofp\libc_nano.a(libc_a-readr.o)
 .debug_frame   0x000008f4       0x2c D:/STM32/STM32CubeIDE_1.15.1/STM32CubeIDE/plugins/com.st.stm32cube.ide.mcu.externaltools.gnu-tools-for-stm32.12.3.rel1.win32_1.0.100.202403111256/tools/bin/../lib/gcc/arm-none-eabi/12.3.1/../../../../arm-none-eabi/lib/thumb/v7e-m/nofp\libc_nano.a(libc_a-writer.o)
 .debug_frame   0x00000920       0x20 D:/STM32/STM32CubeIDE_1.15.1/STM32CubeIDE/plugins/com.st.stm32cube.ide.mcu.externaltools.gnu-tools-for-stm32.12.3.rel1.win32_1.0.100.202403111256/tools/bin/../lib/gcc/arm-none-eabi/12.3.1/../../../../arm-none-eabi/lib/thumb/v7e-m/nofp\libc_nano.a(libc_a-errno.o)
 .debug_frame   0x00000940       0x2c D:/STM32/STM32CubeIDE_1.15.1/STM32CubeIDE/plugins/com.st.stm32cube.ide.mcu.externaltools.gnu-tools-for-stm32.12.3.rel1.win32_1.0.100.202403111256/tools/bin/../lib/gcc/arm-none-eabi/12.3.1/../../../../arm-none-eabi/lib/thumb/v7e-m/nofp\libc_nano.a(libc_a-init.o)
 .debug_frame   0x0000096c       0xb0 D:/STM32/STM32CubeIDE_1.15.1/STM32CubeIDE/plugins/com.st.stm32cube.ide.mcu.externaltools.gnu-tools-for-stm32.12.3.rel1.win32_1.0.100.202403111256/tools/bin/../lib/gcc/arm-none-eabi/12.3.1/../../../../arm-none-eabi/lib/thumb/v7e-m/nofp\libc_nano.a(libc_a-lock.o)
 .debug_frame   0x00000a1c       0x38 D:/STM32/STM32CubeIDE_1.15.1/STM32CubeIDE/plugins/com.st.stm32cube.ide.mcu.externaltools.gnu-tools-for-stm32.12.3.rel1.win32_1.0.100.202403111256/tools/bin/../lib/gcc/arm-none-eabi/12.3.1/../../../../arm-none-eabi/lib/thumb/v7e-m/nofp\libc_nano.a(libc_a-freer.o)
 .debug_frame   0x00000a54       0x50 D:/STM32/STM32CubeIDE_1.15.1/STM32CubeIDE/plugins/com.st.stm32cube.ide.mcu.externaltools.gnu-tools-for-stm32.12.3.rel1.win32_1.0.100.202403111256/tools/bin/../lib/gcc/arm-none-eabi/12.3.1/../../../../arm-none-eabi/lib/thumb/v7e-m/nofp\libc_nano.a(libc_a-mallocr.o)
 .debug_frame   0x00000aa4       0x30 D:/STM32/STM32CubeIDE_1.15.1/STM32CubeIDE/plugins/com.st.stm32cube.ide.mcu.externaltools.gnu-tools-for-stm32.12.3.rel1.win32_1.0.100.202403111256/tools/bin/../lib/gcc/arm-none-eabi/12.3.1/../../../../arm-none-eabi/lib/thumb/v7e-m/nofp\libc_nano.a(libc_a-mlock.o)
 .debug_frame   0x00000ad4       0xa8 D:/STM32/STM32CubeIDE_1.15.1/STM32CubeIDE/plugins/com.st.stm32cube.ide.mcu.externaltools.gnu-tools-for-stm32.12.3.rel1.win32_1.0.100.202403111256/tools/bin/../lib/gcc/arm-none-eabi/12.3.1/../../../../arm-none-eabi/lib/thumb/v7e-m/nofp\libc_nano.a(libc_a-nano-vfprintf.o)
 .debug_frame   0x00000b7c       0x60 D:/STM32/STM32CubeIDE_1.15.1/STM32CubeIDE/plugins/com.st.stm32cube.ide.mcu.externaltools.gnu-tools-for-stm32.12.3.rel1.win32_1.0.100.202403111256/tools/bin/../lib/gcc/arm-none-eabi/12.3.1/../../../../arm-none-eabi/lib/thumb/v7e-m/nofp\libc_nano.a(libc_a-nano-vfprintf_i.o)
 .debug_frame   0x00000bdc       0x5c D:/STM32/STM32CubeIDE_1.15.1/STM32CubeIDE/plugins/com.st.stm32cube.ide.mcu.externaltools.gnu-tools-for-stm32.12.3.rel1.win32_1.0.100.202403111256/tools/bin/../lib/gcc/arm-none-eabi/12.3.1/../../../../arm-none-eabi/lib/thumb/v7e-m/nofp\libc_nano.a(libc_a-fflush.o)
 .debug_frame   0x00000c38       0x40 D:/STM32/STM32CubeIDE_1.15.1/STM32CubeIDE/plugins/com.st.stm32cube.ide.mcu.externaltools.gnu-tools-for-stm32.12.3.rel1.win32_1.0.100.202403111256/tools/bin/../lib/gcc/arm-none-eabi/12.3.1/../../../../arm-none-eabi/lib/thumb/v7e-m/nofp\libc_nano.a(libc_a-wbuf.o)
 .debug_frame   0x00000c78       0x2c D:/STM32/STM32CubeIDE_1.15.1/STM32CubeIDE/plugins/com.st.stm32cube.ide.mcu.externaltools.gnu-tools-for-stm32.12.3.rel1.win32_1.0.100.202403111256/tools/bin/../lib/gcc/arm-none-eabi/12.3.1/../../../../arm-none-eabi/lib/thumb/v7e-m/nofp\libc_nano.a(libc_a-wsetup.o)
 .debug_frame   0x00000ca4       0x2c D:/STM32/STM32CubeIDE_1.15.1/STM32CubeIDE/plugins/com.st.stm32cube.ide.mcu.externaltools.gnu-tools-for-stm32.12.3.rel1.win32_1.0.100.202403111256/tools/bin/../lib/gcc/arm-none-eabi/12.3.1/../../../../arm-none-eabi/lib/thumb/v7e-m/nofp\libc_nano.a(libc_a-sbrkr.o)
 .debug_frame   0x00000cd0       0x58 D:/STM32/STM32CubeIDE_1.15.1/STM32CubeIDE/plugins/com.st.stm32cube.ide.mcu.externaltools.gnu-tools-for-stm32.12.3.rel1.win32_1.0.100.202403111256/tools/bin/../lib/gcc/arm-none-eabi/12.3.1/../../../../arm-none-eabi/lib/thumb/v7e-m/nofp\libc_nano.a(libc_a-makebuf.o)
 .debug_frame   0x00000d28       0x2c D:/STM32/STM32CubeIDE_1.15.1/STM32CubeIDE/plugins/com.st.stm32cube.ide.mcu.externaltools.gnu-tools-for-stm32.12.3.rel1.win32_1.0.100.202403111256/tools/bin/../lib/gcc/arm-none-eabi/12.3.1/../../../../arm-none-eabi/lib/thumb/v7e-m/nofp\libc_nano.a(libc_a-fstatr.o)
 .debug_frame   0x00000d54       0x2c D:/STM32/STM32CubeIDE_1.15.1/STM32CubeIDE/plugins/com.st.stm32cube.ide.mcu.externaltools.gnu-tools-for-stm32.12.3.rel1.win32_1.0.100.202403111256/tools/bin/../lib/gcc/arm-none-eabi/12.3.1/../../../../arm-none-eabi/lib/thumb/v7e-m/nofp\libc_nano.a(libc_a-isattyr.o)

.debug_line_str
                0x00000000       0x35
 .debug_line_str
                0x00000000       0x35 ./Startup/startup_stm32f446retx.o
